/home/denis/dev/loom_report_demo/src/loom_report_demo/parsing.py
  /home/denis/dev/loom_report_demo/src/loom_report_demo/parsing.py:198:12 - error: Unnecessary isinstance call; "list[Any]" is always an instance of "list[Unknown]" (reportUnnecessaryIsInstance)
  /home/denis/dev/loom_report_demo/src/loom_report_demo/parsing.py:205:24 - error: Argument type is partially unknown
    Argument corresponds to parameter "objet" in function "_verifier_cles"
    Argument type is "dict[Unknown, Unknown]" (reportUnknownArgumentType)
  /home/denis/dev/loom_report_demo/src/loom_report_demo/parsing.py:206:30 - error: Argument type is partially unknown
    Argument corresponds to parameter "objet" in function "_texte"
    Argument type is "dict[Unknown, Unknown]" (reportUnknownArgumentType)
  /home/denis/dev/loom_report_demo/src/loom_report_demo/parsing.py:209:9 - error: Type of "statut" is partially unknown
    Type of "statut" is "Unknown | None" (reportUnknownVariableType)
  /home/denis/dev/loom_report_demo/src/loom_report_demo/parsing.py:209:18 - error: Type of "get" is partially unknown
    Type of "get" is "Overload[(key: Unknown, default: None = None, /) -> (Unknown | None), (key: Unknown, default: Unknown, /) -> Unknown, (key: Unknown, default: _T@get, /) -> (Unknown | _T@get)]" (reportUnknownMemberType)
  /home/denis/dev/loom_report_demo/src/loom_report_demo/parsing.py:214:25 - error: Argument type is partially unknown
    Argument corresponds to parameter "objet" in function "_texte"
    Argument type is "dict[Unknown, Unknown]" (reportUnknownArgumentType)
  /home/denis/dev/loom_report_demo/src/loom_report_demo/parsing.py:217:28 - error: Argument type is partially unknown
    Argument corresponds to parameter "objet" in function "_texte"
    Argument type is "dict[Unknown, Unknown]" (reportUnknownArgumentType)
  /home/denis/dev/loom_report_demo/src/loom_report_demo/parsing.py:280:12 - error: Argument type is partially unknown
    Argument corresponds to parameter "obj" in function "len"
    Argument type is "list[Unknown]" (reportUnknownArgumentType)
  /home/denis/dev/loom_report_demo/src/loom_report_demo/parsing.py:283:20 - error: Argument type is partially unknown
    Argument corresponds to parameter "obj" in function "len"
    Argument type is "list[Unknown]" (reportUnknownArgumentType)
  /home/denis/dev/loom_report_demo/src/loom_report_demo/parsing.py:287:15 - error: Type of "brute" is unknown (reportUnknownVariableType)
  /home/denis/dev/loom_report_demo/src/loom_report_demo/parsing.py:287:34 - error: Argument type is partially unknown
    Argument corresponds to parameter "iterable" in function "__new__"
    Argument type is "list[Unknown]" (reportUnknownArgumentType)
  /home/denis/dev/loom_report_demo/src/loom_report_demo/parsing.py:291:24 - error: Argument type is partially unknown
    Argument corresponds to parameter "objet" in function "_verifier_cles"
    Argument type is "dict[Unknown, Unknown]" (reportUnknownArgumentType)
  /home/denis/dev/loom_report_demo/src/loom_report_demo/parsing.py:293:9 - error: Type of "cle_mesure" is unknown (reportUnknownVariableType)
  /home/denis/dev/loom_report_demo/src/loom_report_demo/parsing.py:294:9 - error: Type of "cle_dimension" is partially unknown
    Type of "cle_dimension" is "Unknown | None" (reportUnknownVariableType)
  /home/denis/dev/loom_report_demo/src/loom_report_demo/parsing.py:294:25 - error: Type of "get" is partially unknown
    Type of "get" is "Overload[(key: Unknown, default: None = None, /) -> (Unknown | None), (key: Unknown, default: Unknown, /) -> Unknown, (key: Unknown, default: _T@get, /) -> (Unknown | _T@get)]" (reportUnknownMemberType)
  /home/denis/dev/loom_report_demo/src/loom_report_demo/parsing.py:296:25 - error: Argument type is unknown
    Argument corresponds to parameter "cle_mesure" in function "valider" (reportUnknownArgumentType)
  /home/denis/dev/loom_report_demo/src/loom_report_demo/parsing.py:296:37 - error: Argument type is partially unknown
    Argument corresponds to parameter "cle_dimension" in function "valider"
    Argument type is "Unknown | None" (reportUnknownArgumentType)
  /home/denis/dev/loom_report_demo/src/loom_report_demo/parsing.py:300:27 - error: Argument type is partially unknown
    Argument corresponds to parameter "objet" in function "_texte"
    Argument type is "dict[Unknown, Unknown]" (reportUnknownArgumentType)
  /home/denis/dev/loom_report_demo/src/loom_report_demo/parsing.py:301:27 - error: Argument type is partially unknown
    Argument corresponds to parameter "objet" in function "_texte"
    Argument type is "dict[Unknown, Unknown]" (reportUnknownArgumentType)
  /home/denis/dev/loom_report_demo/src/loom_report_demo/parsing.py:307:24 - error: Argument type is unknown
    Argument corresponds to parameter "mesure" in function "__init__" (reportUnknownArgumentType)
  /home/denis/dev/loom_report_demo/src/loom_report_demo/parsing.py:308:27 - error: Argument type is partially unknown
    Argument corresponds to parameter "dimension" in function "__init__"
    Argument type is "Unknown | None" (reportUnknownArgumentType)
  /home/denis/dev/loom_report_demo/src/loom_report_demo/parsing.py:309:37 - error: Argument type is partially unknown
    Argument corresponds to parameter "objet" in function "_seuil"
    Argument type is "dict[Unknown, Unknown]" (reportUnknownArgumentType)
  /home/denis/dev/loom_report_demo/src/loom_report_demo/parsing.py:309:55 - error: Argument type is unknown
    Argument corresponds to parameter "cle" in function "mesure" (reportUnknownArgumentType)
  /home/denis/dev/loom_report_demo/src/loom_report_demo/parsing.py:312:41 - error: Argument type is partially unknown
    Argument corresponds to parameter "objet" in function "_texte"
    Argument type is "dict[Unknown, Unknown]" (reportUnknownArgumentType)
/home/denis/dev/loom_report_demo/src/loom_report_demo/reporting.py
  /home/denis/dev/loom_report_demo/src/loom_report_demo/reporting.py:155:54 - error: Argument of type "list[FunctionTool]" cannot be assigned to parameter "tools" of type "list[Tool] | None" in function "__init__"
    Type "list[FunctionTool]" is not assignable to type "list[Tool] | None"
      "list[FunctionTool]" is not assignable to "list[Tool]"
        Type parameter "_T@list" is invariant, but "FunctionTool" is not the same as "Tool"
        Consider switching from "list" to "Sequence" which is covariant
      "list[FunctionTool]" is not assignable to "None" (reportArgumentType)
/home/denis/dev/loom_report_demo/src/loom_report_demo/workbook/tableaux.py
  /home/denis/dev/loom_report_demo/src/loom_report_demo/workbook/tableaux.py:26:64 - error: Import "Donnees" is not accessed (reportUnusedImport)
  /home/denis/dev/loom_report_demo/src/loom_report_demo/workbook/tableaux.py:246:9 - error: Argument of type "list[str]" cannot be assigned to parameter "valeurs" of type "list[object]" in function "ligne"
    "list[str]" is not assignable to "list[object]"
      Type parameter "_T@list" is invariant, but "str" is not the same as "object"
      Consider switching from "list" to "Sequence" which is covariant (reportArgumentType)
  /home/denis/dev/loom_report_demo/src/loom_report_demo/workbook/tableaux.py:341:5 - error: Type of "add_data" is partially unknown
    Type of "add_data" is "(data: Unknown, from_rows: bool = False, titles_from_data: bool = False) -> None" (reportUnknownMemberType)
  /home/denis/dev/loom_report_demo/src/loom_report_demo/workbook/tableaux.py:344:5 - error: Type of "set_categories" is partially unknown
    Type of "set_categories" is "(labels: Unknown) -> None" (reportUnknownMemberType)
  /home/denis/dev/loom_report_demo/src/loom_report_demo/workbook/tableaux.py:346:5 - error: Type of "series" is unknown (reportUnknownMemberType)
  /home/denis/dev/loom_report_demo/src/loom_report_demo/workbook/tableaux.py:346:5 - error: Type of "graphicalProperties" is unknown (reportUnknownMemberType)
  /home/denis/dev/loom_report_demo/src/loom_report_demo/workbook/tableaux.py:350:5 - error: Type of "add_data" is partially unknown
    Type of "add_data" is "(data: Unknown, from_rows: bool = False, titles_from_data: bool = False) -> None" (reportUnknownMemberType)
  /home/denis/dev/loom_report_demo/src/loom_report_demo/workbook/tableaux.py:355:5 - error: Type of "series" is unknown (reportUnknownMemberType)
  /home/denis/dev/loom_report_demo/src/loom_report_demo/workbook/tableaux.py:355:5 - error: Type of "graphicalProperties" is unknown (reportUnknownMemberType)
  /home/denis/dev/loom_report_demo/src/loom_report_demo/workbook/tableaux.py:355:5 - error: Type of "line" is unknown (reportUnknownMemberType)
  /home/denis/dev/loom_report_demo/src/loom_report_demo/workbook/tableaux.py:356:5 - error: Type of "series" is unknown (reportUnknownMemberType)
  /home/denis/dev/loom_report_demo/src/loom_report_demo/workbook/tableaux.py:358:5 - error: Type of "graphique" is unknown (reportUnknownVariableType)
  /home/denis/dev/loom_report_demo/src/loom_report_demo/workbook/tableaux.py:365:8 - error: Type of "legend" is unknown (reportUnknownMemberType)
  /home/denis/dev/loom_report_demo/src/loom_report_demo/workbook/tableaux.py:366:9 - error: Type of "legend" is unknown (reportUnknownMemberType)
  /home/denis/dev/loom_report_demo/src/loom_report_demo/workbook/tableaux.py:723:5 - error: Type of "add_data" is partially unknown
    Type of "add_data" is "(data: Unknown, from_rows: bool = False, titles_from_data: bool = False) -> None" (reportUnknownMemberType)
  /home/denis/dev/loom_report_demo/src/loom_report_demo/workbook/tableaux.py:724:5 - error: Type of "set_categories" is partially unknown
    Type of "set_categories" is "(labels: Unknown) -> None" (reportUnknownMemberType)
  /home/denis/dev/loom_report_demo/src/loom_report_demo/workbook/tableaux.py:725:5 - error: Type of "series" is unknown (reportUnknownMemberType)
  /home/denis/dev/loom_report_demo/src/loom_report_demo/workbook/tableaux.py:725:5 - error: Type of "graphicalProperties" is unknown (reportUnknownMemberType)
  /home/denis/dev/loom_report_demo/src/loom_report_demo/workbook/tableaux.py:728:23 - error: Cannot assign to attribute "width" for class "BarChart"
    "float" is not assignable to "int" (reportAttributeAccessIssue)
/home/denis/dev/loom_report_demo/src/loom_report_demo/workbook/theme.py
  /home/denis/dev/loom_report_demo/src/loom_report_demo/workbook/theme.py:15:38 - error: Type of "CellIsRule" is partially unknown
    Type of "CellIsRule" is "(operator: Unknown | None = None, formula: Unknown | None = None, stopIfTrue: Unknown | None = None, font: Unknown | None = None, border: Unknown | None = None, fill: Unknown | None = None) -> Unknown" (reportUnknownVariableType)
  /home/denis/dev/loom_report_demo/src/loom_report_demo/workbook/theme.py:15:50 - error: Type of "DataBarRule" is partially unknown
    Type of "DataBarRule" is "(start_type: Unknown | None = None, start_value: Unknown | None = None, end_type: Unknown | None = None, end_value: Unknown | None = None, color: Unknown | None = None, showValue: Unknown | None = None, minLength: Unknown | None = None, maxLength: Unknown | None = None) -> Unknown" (reportUnknownVariableType)
  /home/denis/dev/loom_report_demo/src/loom_report_demo/workbook/theme.py:65:37 - error: "fitToPage" is not a known attribute of "None" (reportOptionalMemberAccess)
  /home/denis/dev/loom_report_demo/src/loom_report_demo/workbook/theme.py:68:5 - error: Function "_regle" is not accessed (reportUnusedFunction)
  /home/denis/dev/loom_report_demo/src/loom_report_demo/workbook/theme.py:167:9 - error: Type of "cellule" is unknown (reportUnknownVariableType)
  /home/denis/dev/loom_report_demo/src/loom_report_demo/workbook/theme.py:167:19 - error: No overloads for "cell" match the provided arguments (reportCallIssue)
  /home/denis/dev/loom_report_demo/src/loom_report_demo/workbook/theme.py:167:65 - error: Argument of type "object" cannot be assigned to parameter "value" of type "_CellSetValue" in function "cell"
    Type "object" is not assignable to type "_CellSetValue"
      "object" is not assignable to "bool"
      "object" is not assignable to "float"
      "object" is not assignable to "Decimal"
      "object" is not assignable to "str"
      "object" is not assignable to "CellRichText"
      "object" is not assignable to "datetime"
      "object" is not assignable to "date"
    ... (reportArgumentType)
  /home/denis/dev/loom_report_demo/src/loom_report_demo/workbook/theme.py:183:5 - error: Type of "add" is partially unknown
    Type of "add" is "(range_string: Unknown, cfRule: Unknown) -> None" (reportUnknownMemberType)
  /home/denis/dev/loom_report_demo/src/loom_report_demo/workbook/theme.py:185:9 - error: Argument type is unknown
    Argument corresponds to parameter "cfRule" in function "add" (reportUnknownArgumentType)
  /home/denis/dev/loom_report_demo/src/loom_report_demo/workbook/theme.py:198:5 - error: Type of "add" is partially unknown
    Type of "add" is "(range_string: Unknown, cfRule: Unknown) -> None" (reportUnknownMemberType)
  /home/denis/dev/loom_report_demo/src/loom_report_demo/workbook/theme.py:200:9 - error: Argument type is unknown
    Argument corresponds to parameter "cfRule" in function "add" (reportUnknownArgumentType)
  /home/denis/dev/loom_report_demo/src/loom_report_demo/workbook/theme.py:207:5 - error: Type of "add" is partially unknown
    Type of "add" is "(range_string: Unknown, cfRule: Unknown) -> None" (reportUnknownMemberType)
  /home/denis/dev/loom_report_demo/src/loom_report_demo/workbook/theme.py:209:9 - error: Argument type is unknown
    Argument corresponds to parameter "cfRule" in function "add" (reportUnknownArgumentType)
  /home/denis/dev/loom_report_demo/src/loom_report_demo/workbook/theme.py:220:5 - error: Type of "cellule" is unknown (reportUnknownVariableType)
  /home/denis/dev/loom_report_demo/src/loom_report_demo/workbook/theme.py:220:15 - error: No overloads for "cell" match the provided arguments (reportCallIssue)
  /home/denis/dev/loom_report_demo/src/loom_report_demo/workbook/theme.py:220:50 - error: Argument of type "object" cannot be assigned to parameter "value" of type "_CellSetValue" in function "cell"
    Type "object" is not assignable to type "_CellSetValue"
      "object" is not assignable to "bool"
      "object" is not assignable to "float"
      "object" is not assignable to "Decimal"
      "object" is not assignable to "str"
      "object" is not assignable to "CellRichText"
      "object" is not assignable to "datetime"
      "object" is not assignable to "date"
    ... (reportArgumentType)
60 errors, 0 warnings, 0 informations
